=== RUN   TestProMainDocsExamples
=== RUN   TestProMainDocsExamples/BatchWorker
=== RUN   TestProMainDocsExamples/ClientSetup
    riverdbtest.go:220: Dropped 1 expired postgres schema(s) in 76.117242ms
    pro_docs_examples_test.go:156: Generated postgres schema "examples_2026_06_01t03_47_37_schema_01" with migrations [1 2 3 4 5 6] on line "main" in 107.995682ms [1 generated] [0 reused]
    pro_docs_examples_test.go:156: Generated postgres schema "examples_2026_06_01t03_47_37_schema_01" with migrations [1] on line "pro" in 88.98153ms [2 generated] [0 reused]
    riverdbtest.go:293: Checked in postgres schema "examples_2026_06_01t03_47_37_schema_01"; 1 idle schema(s) [2 generated] [0 reused]
=== RUN   TestProMainDocsExamples/DurablePeriodicJob
    pro_docs_examples_test.go:181: Reusing idle postgres schema "examples_2026_06_01t03_47_37_schema_01" [user facing: "examples_2026_06_01t03_47_37_schema_01"] after cleaning in 172.456319ms [2 generated] [1 reused]
    riverdbtest.go:293: Checked in postgres schema "examples_2026_06_01t03_47_37_schema_01"; 1 idle schema(s) [2 generated] [1 reused]
=== RUN   TestProMainDocsExamples/EphemeralJob
    pro_docs_examples_test.go:208: Reusing idle postgres schema "examples_2026_06_01t03_47_37_schema_01" [user facing: "examples_2026_06_01t03_47_37_schema_01"] after cleaning in 196.195547ms [2 generated] [2 reused]
    riverdbtest.go:293: Checked in postgres schema "examples_2026_06_01t03_47_37_schema_01"; 1 idle schema(s) [2 generated] [2 reused]
=== RUN   TestProMainDocsExamples/EphemeralQueue
    pro_docs_examples_test.go:224: Reusing idle postgres schema "examples_2026_06_01t03_47_37_schema_01" [user facing: "examples_2026_06_01t03_47_37_schema_01"] after cleaning in 190.812475ms [2 generated] [3 reused]
    riverdbtest.go:293: Checked in postgres schema "examples_2026_06_01t03_47_37_schema_01"; 1 idle schema(s) [2 generated] [3 reused]
=== RUN   TestProMainDocsExamples/GlobalConcurrencyLimiting
    pro_docs_examples_test.go:239: Reusing idle postgres schema "examples_2026_06_01t03_47_37_schema_01" [user facing: "examples_2026_06_01t03_47_37_schema_01"] after cleaning in 218.538568ms [2 generated] [4 reused]
    riverdbtest.go:293: Checked in postgres schema "examples_2026_06_01t03_47_37_schema_01"; 1 idle schema(s) [2 generated] [4 reused]
=== RUN   TestProMainDocsExamples/PerQueueRetention
    pro_docs_examples_test.go:278: Reusing idle postgres schema "examples_2026_06_01t03_47_37_schema_01" [user facing: "examples_2026_06_01t03_47_37_schema_01"] after cleaning in 197.063659ms [2 generated] [5 reused]
    riverdbtest.go:293: Checked in postgres schema "examples_2026_06_01t03_47_37_schema_01"; 1 idle schema(s) [2 generated] [5 reused]
=== RUN   TestProMainDocsExamples/WorkflowDependencyOutput
    pro_docs_examples_test.go:293: Reusing idle postgres schema "examples_2026_06_01t03_47_37_schema_01" [user facing: "examples_2026_06_01t03_47_37_schema_01"] after cleaning in 196.836483ms [2 generated] [6 reused]
    riverdbtest.go:293: Checked in postgres schema "examples_2026_06_01t03_47_37_schema_01"; 1 idle schema(s) [2 generated] [6 reused]
=== RUN   TestProMainDocsExamples/WorkflowTaskSignalData
    pro_docs_examples_test.go:316: Reusing idle postgres schema "examples_2026_06_01t03_47_37_schema_01" [user facing: "examples_2026_06_01t03_47_37_schema_01"] after cleaning in 214.478244ms [2 generated] [7 reused]
    riverdbtest.go:293: Checked in postgres schema "examples_2026_06_01t03_47_37_schema_01"; 1 idle schema(s) [2 generated] [7 reused]
=== RUN   TestProMainDocsExamples/WorkflowWaitMixedTermsAndRawCEL
    pro_docs_examples_test.go:339: Reusing idle postgres schema "examples_2026_06_01t03_47_37_schema_01" [user facing: "examples_2026_06_01t03_47_37_schema_01"] after cleaning in 186.330901ms [2 generated] [8 reused]
    riverdbtest.go:293: Checked in postgres schema "examples_2026_06_01t03_47_37_schema_01"; 1 idle schema(s) [2 generated] [8 reused]
=== RUN   TestProMainDocsExamples/WorkflowWaitRawCEL
    pro_docs_examples_test.go:352: Reusing idle postgres schema "examples_2026_06_01t03_47_37_schema_01" [user facing: "examples_2026_06_01t03_47_37_schema_01"] after cleaning in 180.203864ms [2 generated] [9 reused]
    riverdbtest.go:293: Checked in postgres schema "examples_2026_06_01t03_47_37_schema_01"; 1 idle schema(s) [2 generated] [9 reused]
=== RUN   TestProMainDocsExamples/WorkflowWaitResult_timeoutVsSignal
    pro_docs_examples_test.go:369: Reusing idle postgres schema "examples_2026_06_01t03_47_37_schema_01" [user facing: "examples_2026_06_01t03_47_37_schema_01"] after cleaning in 207.863072ms [2 generated] [10 reused]
    riverdbtest.go:293: Checked in postgres schema "examples_2026_06_01t03_47_37_schema_01"; 1 idle schema(s) [2 generated] [10 reused]
=== RUN   TestProMainDocsExamples/WorkflowWaitSignalQuorum
    pro_docs_examples_test.go:380: Reusing idle postgres schema "examples_2026_06_01t03_47_37_schema_01" [user facing: "examples_2026_06_01t03_47_37_schema_01"] after cleaning in 218.362471ms [2 generated] [11 reused]
    riverdbtest.go:293: Checked in postgres schema "examples_2026_06_01t03_47_37_schema_01"; 1 idle schema(s) [2 generated] [11 reused]
=== RUN   TestProMainDocsExamples/WorkflowWaitTimerFallback
    pro_docs_examples_test.go:399: Reusing idle postgres schema "examples_2026_06_01t03_47_37_schema_01" [user facing: "examples_2026_06_01t03_47_37_schema_01"] after cleaning in 208.150552ms [2 generated] [12 reused]
    riverdbtest.go:293: Checked in postgres schema "examples_2026_06_01t03_47_37_schema_01"; 1 idle schema(s) [2 generated] [12 reused]
=== RUN   TestProMainDocsExamples/ManualReview
    pro_docs_examples_test.go:408: Reusing idle postgres schema "examples_2026_06_01t03_47_37_schema_01" [user facing: "examples_2026_06_01t03_47_37_schema_01"] after cleaning in 176.973694ms [2 generated] [13 reused]
    riverdbtest.go:293: Checked in postgres schema "examples_2026_06_01t03_47_37_schema_01"; 1 idle schema(s) [2 generated] [13 reused]
=== RUN   TestProMainDocsExamples/WorkflowAuditPagination
    pro_docs_examples_test.go:419: Reusing idle postgres schema "examples_2026_06_01t03_47_37_schema_01" [user facing: "examples_2026_06_01t03_47_37_schema_01"] after cleaning in 183.69372ms [2 generated] [14 reused]
    riverdbtest.go:293: Checked in postgres schema "examples_2026_06_01t03_47_37_schema_01"; 1 idle schema(s) [2 generated] [14 reused]
=== RUN   TestProMainDocsExamples/LatestEvidenceSignal
    pro_docs_examples_test.go:455: Reusing idle postgres schema "examples_2026_06_01t03_47_37_schema_01" [user facing: "examples_2026_06_01t03_47_37_schema_01"] after cleaning in 235.690277ms [2 generated] [15 reused]
    riverdbtest.go:293: Checked in postgres schema "examples_2026_06_01t03_47_37_schema_01"; 1 idle schema(s) [2 generated] [15 reused]
--- PASS: TestProMainDocsExamples (4.56s)
    --- PASS: TestProMainDocsExamples/BatchWorker (0.00s)
    --- PASS: TestProMainDocsExamples/ClientSetup (0.51s)
    --- PASS: TestProMainDocsExamples/DurablePeriodicJob (0.49s)
    --- PASS: TestProMainDocsExamples/EphemeralJob (0.38s)
    --- PASS: TestProMainDocsExamples/EphemeralQueue (0.22s)
    --- PASS: TestProMainDocsExamples/GlobalConcurrencyLimiting (0.27s)
    --- PASS: TestProMainDocsExamples/PerQueueRetention (0.20s)
    --- PASS: TestProMainDocsExamples/WorkflowDependencyOutput (0.24s)
    --- PASS: TestProMainDocsExamples/WorkflowTaskSignalData (0.26s)
    --- PASS: TestProMainDocsExamples/WorkflowWaitMixedTermsAndRawCEL (0.23s)
    --- PASS: TestProMainDocsExamples/WorkflowWaitRawCEL (0.24s)
    --- PASS: TestProMainDocsExamples/WorkflowWaitResult_timeoutVsSignal (0.28s)
    --- PASS: TestProMainDocsExamples/WorkflowWaitSignalQuorum (0.28s)
    --- PASS: TestProMainDocsExamples/WorkflowWaitTimerFallback (0.25s)
    --- PASS: TestProMainDocsExamples/ManualReview (0.21s)
    --- PASS: TestProMainDocsExamples/WorkflowAuditPagination (0.24s)
    --- PASS: TestProMainDocsExamples/LatestEvidenceSignal (0.28s)
PASS
ok  	riverqueue.com/riverpro/examples	4.632s
